
> m-prep@0.1.0 build
> next build

  ??Next.js 14.2.4

   Creating an optimized production build ...
node.exe :  ??Compiled with 
warnings
위치 줄:1 문자:1
+ & "C:\Program Files\nodejs
/node.exe" "C:\Program Files
\nodejs/node_mo ...
+ ~~~~~~~~~~~~~~~~~~~~~~~~~~
~~~~~~~~~~~~~~~~~~~~~~~~~~~~
~~~~~~~~~~~~~~~
    + CategoryInfo          
    : NotSpecified: ( ??Co  
  mpiled with warnings:St   
 ring) [], RemoteExcepti    
on
    + FullyQualifiedErrorId 
    : NativeCommandError
 

./src/app/api/prep-rfp/route
.ts
Attempted import error: 'pdf
-parse' does not contain a d
efault export (imported as '
pdfParse').

Import trace for requested m
odule:
./src/app/api/prep-rfp/route
.ts

 ??Compiled successfully
   Linting and checking validity of types ...
Failed to compile.

./src/app/api/prep-rfp/route
.ts:59:13
Type error: Object literal m
ay only specify known proper
ties, and 'maxTokens' does n
ot exist in type 'CallSettin
gs & { system?: string | Sys
temModelMessage | SystemMode
lMessage[] | undefined; } & 
{ prompt: string | ModelMess
age[]; messages?: undefined;
 } & { ...; }'.

[0m [90m 57 |[39m        
     system[33m:[39m syste
mPrompt[33m,[39m[0m
[0m [90m 58 |[39m        
     prompt[33m:[39m [32m
`?ㅼ쓬? ?ъ슜?먭? ?낅줈?쒗븳 RFP(?쒖븞
?붿껌?? ?먮뒗 ?뚯쓽濡??뚯씪???댁슜?낅땲??
 ???댁슜??諛뷀깢?쇰줈 "M-PREP-RFP.m
d" 吏移⑥뿉 留욌뒗 ?쒖븞?쒕? ?묒꽦?댁＜?몄
슂.\n\n---?낅젰 ?댁슜---\n${extra
ctedText}`[39m[33m,[39m[
0m
[0m[31m[1m>[22m[39m[90
m 59 |[39m             maxT
okens[33m:[39m [35m4000[
39m[33m,[39m[0m
[0m [90m    |[39m        
     [31m[1m^[22m[39m[0
m
[0m [90m 60 |[39m        
     temperature[33m:[39m 
[35m0.7[39m[33m,[39m[0m
[0m [90m 61 |[39m        
 })[33m;[39m[0m
[0m [90m 62 |[39m[0m
