.next/types/app/api/prep-rfp/route.ts(2,24): error TS2307: Cannot find module '../../../../../src/app/api/prep-rfp/route.js' or its corresponding type declarations.
.next/types/app/api/prep-rfp/route.ts(5,29): error TS2307: Cannot find module '../../../../../src/app/api/prep-rfp/route.js' or its corresponding type declarations.
src/app/api/prep-rfp/parse/route.ts(31,48): error TS2345: Argument of type 'WorkSheet | undefined' is not assignable to parameter of type 'WorkSheet'.
  Type 'undefined' is not assignable to type 'WorkSheet'.
